/usr/bin/timeout: failed to run command ‘working/GoodNight/bin/mips_simulator’: No such file or directory
